SERVER HEALTH REPORT
Generated: Wed Jul  1 04:10:34 PM PKT 2026

Hostname
Lenovo-ThinkBook-14-G6-IRL

Uptime
up 1 day, 4 hours, 57 minutes

Cpu_Load
0.55, 0.82, 0.88

Memory Usage
               total        used        free      shared  buff/cache   available
Mem:           6.8Gi       5.4Gi       415Mi       1.1Gi       2.0Gi       1.4Gi
Swap:          4.0Gi       2.0Gi       2.0Gi

Disk Usage per Mount
Filesystem      Size  Used Avail Use% Mounted on
tmpfs           1.4G  3.9M  1.4G   1% /run
/dev/nvme0n1p2  468G   15G  429G   4% /
tmpfs           3.4G   91M  3.4G   3% /dev/shm
efivarfs        374K  139K  231K  38% /sys/firmware/efi/efivars
none            1.0M     0  1.0M   0% /run/credentials/systemd-journald.service
none            1.0M     0  1.0M   0% /run/credentials/systemd-resolved.service
tmpfs           3.4G   11M  3.4G   1% /tmp
/dev/nvme0n1p1  1.1G   16M  1.1G   2% /boot/efi
tmpfs           695M  4.1M  691M   1% /run/user/1000


Top 5 Process by Memory
    PID USER     %MEM %CPU COMMAND
  46528 usman-g+  9.8  4.6 Isolated Web Co
  92933 usman-g+  7.0  2.3 Isolated Web Co
  92193 usman-g+  6.9  9.0 Isolated Web Co
  68570 usman-g+  6.7  3.7 whatsapp-linux-
  46035 usman-g+  6.6  4.2 firefox

Highest Disk Usage:  38%
