SERVER HEALTH REPORT
Generated: Wed Jul  1 04:21:30 PM PKT 2026

Hostname
Lenovo-ThinkBook-14-G6-IRL

Uptime
up 1 day, 5 hours, 8 minutes

Cpu_Load
0.94, 0.98, 0.95

Memory Usage
               total        used        free      shared  buff/cache   available
Mem:           6.8Gi       5.3Gi       384Mi       1.1Gi       2.0Gi       1.5Gi
Swap:          4.0Gi       2.1Gi       1.9Gi

Disk Usage per Mount
Filesystem      Size  Used Avail Use% Mounted on
tmpfs           1.4G  3.9M  1.4G   1% /run
/dev/nvme0n1p2  468G   15G  429G   4% /
tmpfs           3.4G   85M  3.4G   3% /dev/shm
efivarfs        374K  139K  231K  38% /sys/firmware/efi/efivars
none            1.0M     0  1.0M   0% /run/credentials/systemd-journald.service
none            1.0M     0  1.0M   0% /run/credentials/systemd-resolved.service
tmpfs           3.4G   11M  3.4G   1% /tmp
/dev/nvme0n1p1  1.1G   16M  1.1G   2% /boot/efi
tmpfs           695M  4.1M  691M   1% /run/user/1000


Top 5 Process by Memory
    PID USER     %MEM %CPU COMMAND
  46528 usman-g+  9.6  4.5 Isolated Web Co
  92193 usman-g+  7.6 10.0 Isolated Web Co
  68570 usman-g+  6.8  3.7 whatsapp-linux-
  46035 usman-g+  6.7  4.3 firefox
  92933 usman-g+  6.6  2.0 Isolated Web Co

Highest Disk Usage:  38%
