SERVER HEALTH REPORT
Generated: Wed Jul  1 04:26:20 PM PKT 2026

Hostname
Lenovo-ThinkBook-14-G6-IRL

Uptime
up 1 day, 5 hours, 13 minutes

Cpu_Load
0.85, 0.94, 0.94

Memory Usage
               total        used        free      shared  buff/cache   available
Mem:           6.8Gi       5.4Gi       351Mi       1.1Gi       1.9Gi       1.4Gi
Swap:          4.0Gi       2.1Gi       1.9Gi

Disk Usage per Mount
Filesystem      Size  Used Avail Use% Mounted on
tmpfs           1.4G  3.9M  1.4G   1% /run
/dev/nvme0n1p2  468G   15G  429G   4% /
tmpfs           3.4G   87M  3.4G   3% /dev/shm
efivarfs        374K  139K  231K  38% /sys/firmware/efi/efivars
none            1.0M     0  1.0M   0% /run/credentials/systemd-journald.service
none            1.0M     0  1.0M   0% /run/credentials/systemd-resolved.service
tmpfs           3.4G   11M  3.4G   1% /tmp
/dev/nvme0n1p1  1.1G   16M  1.1G   2% /boot/efi
tmpfs           695M  4.1M  691M   1% /run/user/1000


Top 5 Process by Memory
    PID USER     %MEM %CPU COMMAND
  46528 usman-g+  9.6  4.5 Isolated Web Co
  92193 usman-g+  8.8 10.1 Isolated Web Co
  46035 usman-g+  6.8  4.3 firefox
  68570 usman-g+  6.7  3.6 whatsapp-linux-
  92933 usman-g+  6.7  1.9 Isolated Web Co

Highest Disk Usage:  38%
